test/should-fail/vsgc387a.f3:29: incompatible types
found   : Boolean
required: Number
var foo : Number = true;
                   ^
1 error
