vsgc2966.M
true
[]
m : Integer
m : Integer
vsgc2966.A
false
[class org.f3.runtime.F3Base]
a : Integer
a : Integer
af : class java.lang.String
