translated string in vsgc698_ja.f3properties
translated string in foo/bar/F3PropTestResources_ja.f3properties
translated EXPLICIT_KEY in vsgc698_ja.f3properties
default string
